Archive member included to satisfy reference by file (symbol)

/usr/lib/gcc/avr/11.2.0/../../../../avr/lib/avr5/libm.a(addsf3.o)
                              main.o (__addsf3)
/usr/lib/gcc/avr/11.2.0/../../../../avr/lib/avr5/libm.a(addsf3x.o)
                              /usr/lib/gcc/avr/11.2.0/../../../../avr/lib/avr5/libm.a(addsf3.o) (__addsf3x)
/usr/lib/gcc/avr/11.2.0/../../../../avr/lib/avr5/libm.a(divsf3.o)
                              main.o (__divsf3)
/usr/lib/gcc/avr/11.2.0/../../../../avr/lib/avr5/libm.a(divsf3x.o)
                              /usr/lib/gcc/avr/11.2.0/../../../../avr/lib/avr5/libm.a(divsf3.o) (__divsf3x)
/usr/lib/gcc/avr/11.2.0/../../../../avr/lib/avr5/libm.a(fixsfsi.o)
                              main.o (__fixsfsi)
/usr/lib/gcc/avr/11.2.0/../../../../avr/lib/avr5/libm.a(fixunssfsi.o)
                              /usr/lib/gcc/avr/11.2.0/../../../../avr/lib/avr5/libm.a(fixsfsi.o) (__fixunssfsi)
/usr/lib/gcc/avr/11.2.0/../../../../avr/lib/avr5/libm.a(floatsisf.o)
                              main.o (__floatsisf)
/usr/lib/gcc/avr/11.2.0/../../../../avr/lib/avr5/libm.a(fp_inf.o)
                              /usr/lib/gcc/avr/11.2.0/../../../../avr/lib/avr5/libm.a(addsf3x.o) (__fp_inf)
/usr/lib/gcc/avr/11.2.0/../../../../avr/lib/avr5/libm.a(fp_nan.o)
                              /usr/lib/gcc/avr/11.2.0/../../../../avr/lib/avr5/libm.a(addsf3x.o) (__fp_nan)
/usr/lib/gcc/avr/11.2.0/../../../../avr/lib/avr5/libm.a(fp_pscA.o)
                              /usr/lib/gcc/avr/11.2.0/../../../../avr/lib/avr5/libm.a(addsf3x.o) (__fp_pscA)
/usr/lib/gcc/avr/11.2.0/../../../../avr/lib/avr5/libm.a(fp_pscB.o)
                              /usr/lib/gcc/avr/11.2.0/../../../../avr/lib/avr5/libm.a(addsf3x.o) (__fp_pscB)
/usr/lib/gcc/avr/11.2.0/../../../../avr/lib/avr5/libm.a(fp_round.o)
                              /usr/lib/gcc/avr/11.2.0/../../../../avr/lib/avr5/libm.a(addsf3.o) (__fp_round)
/usr/lib/gcc/avr/11.2.0/../../../../avr/lib/avr5/libm.a(fp_split3.o)
                              /usr/lib/gcc/avr/11.2.0/../../../../avr/lib/avr5/libm.a(addsf3x.o) (__fp_split3)
/usr/lib/gcc/avr/11.2.0/../../../../avr/lib/avr5/libm.a(fp_zero.o)
                              /usr/lib/gcc/avr/11.2.0/../../../../avr/lib/avr5/libm.a(addsf3x.o) (__fp_zero)
/usr/lib/gcc/avr/11.2.0/../../../../avr/lib/avr5/libm.a(mulsf3.o)
                              main.o (__mulsf3)
/usr/lib/gcc/avr/11.2.0/../../../../avr/lib/avr5/libm.a(mulsf3x.o)
                              /usr/lib/gcc/avr/11.2.0/../../../../avr/lib/avr5/libm.a(mulsf3.o) (__mulsf3x)
../lib/libstatique.a(Button.o)
                              main.o (_ZN6Button9isPressedEv)
../lib/libstatique.a(Led.o)   main.o (_ZN3LedC1EPVhS1_hh)
../lib/libstatique.a(sound.o)
                              main.o (_ZN5SoundC1Ev)
../lib/libstatique.a(Timer.o)
                              main.o (_ZN5TimerC1Ej)
../lib/libstatique.a(uart.o)  main.o (_ZN4UARTC1Ev)
../lib/libstatique.a(Wheel2.o)
                              main.o (_ZN6Wheel2C1Ev)
../lib/libstatique.a(LineSensor.o)
                              main.o (_ZN10LineSensorC1Ev)
../lib/libstatique.a(transmission.o)
                              main.o (_ZN12TransmissionC1Ev)
../lib/libstatique.a(robotdessin2.o)
                              main.o (_ZN15RobotAffichage212printCircuitEP7Segmenth)
/usr/lib/gcc/avr/11.2.0/avr5/libgcc.a(_divmodhi4.o)
                              ../lib/libstatique.a(Wheel2.o) (__divmodhi4)
/usr/lib/gcc/avr/11.2.0/avr5/libgcc.a(_exit.o)
                              /usr/lib/gcc/avr/11.2.0/../../../../avr/lib/avr5/crtatmega324pa.o (exit)
/usr/lib/gcc/avr/11.2.0/avr5/libgcc.a(_tablejump2.o)
                              main.o (__tablejump2__)
/usr/lib/gcc/avr/11.2.0/avr5/libgcc.a(_copy_data.o)
                              ../lib/libstatique.a(uart.o) (__do_copy_data)
/usr/lib/gcc/avr/11.2.0/avr5/libgcc.a(_clear_bss.o)
                              main.o (__do_clear_bss)
/usr/lib/gcc/avr/11.2.0/avr5/libgcc.a(_ctors.o)
                              ../lib/libstatique.a(robotdessin2.o) (__do_global_ctors)
/usr/lib/gcc/avr/11.2.0/avr5/libgcc.a(_udivmodhi4.o)
                              /usr/lib/gcc/avr/11.2.0/avr5/libgcc.a(_divmodhi4.o) (__udivmodhi4)
/usr/lib/gcc/avr/11.2.0/../../../../avr/lib/avr5/libm.a(pow.o)
                              ../lib/libstatique.a(sound.o) (pow)
/usr/lib/gcc/avr/11.2.0/../../../../avr/lib/avr5/libm.a(exp.o)
                              /usr/lib/gcc/avr/11.2.0/../../../../avr/lib/avr5/libm.a(pow.o) (exp)
/usr/lib/gcc/avr/11.2.0/../../../../avr/lib/avr5/libm.a(fp_powser.o)
                              /usr/lib/gcc/avr/11.2.0/../../../../avr/lib/avr5/libm.a(exp.o) (__fp_powser)
/usr/lib/gcc/avr/11.2.0/../../../../avr/lib/avr5/libm.a(inverse.o)
                              /usr/lib/gcc/avr/11.2.0/../../../../avr/lib/avr5/libm.a(exp.o) (inverse)
/usr/lib/gcc/avr/11.2.0/../../../../avr/lib/avr5/libm.a(ldexp.o)
                              /usr/lib/gcc/avr/11.2.0/../../../../avr/lib/avr5/libm.a(exp.o) (ldexp)
/usr/lib/gcc/avr/11.2.0/../../../../avr/lib/avr5/libm.a(log.o)
                              /usr/lib/gcc/avr/11.2.0/../../../../avr/lib/avr5/libm.a(pow.o) (log)
/usr/lib/gcc/avr/11.2.0/../../../../avr/lib/avr5/libm.a(modf.o)
                              /usr/lib/gcc/avr/11.2.0/../../../../avr/lib/avr5/libm.a(exp.o) (modf)
/usr/lib/gcc/avr/11.2.0/../../../../avr/lib/avr5/libm.a(fp_mpack.o)
                              /usr/lib/gcc/avr/11.2.0/../../../../avr/lib/avr5/libm.a(ldexp.o) (__fp_mpack)
/usr/lib/gcc/avr/11.2.0/../../../../avr/lib/avr5/libc.a(snprintf.o)
                              ../lib/libstatique.a(uart.o) (snprintf)
/usr/lib/gcc/avr/11.2.0/../../../../avr/lib/avr5/libc.a(vfprintf_std.o)
                              /usr/lib/gcc/avr/11.2.0/../../../../avr/lib/avr5/libc.a(snprintf.o) (vfprintf)
/usr/lib/gcc/avr/11.2.0/../../../../avr/lib/avr5/libc.a(strnlen_P.o)
                              /usr/lib/gcc/avr/11.2.0/../../../../avr/lib/avr5/libc.a(vfprintf_std.o) (strnlen_P)
/usr/lib/gcc/avr/11.2.0/../../../../avr/lib/avr5/libc.a(strnlen.o)
                              /usr/lib/gcc/avr/11.2.0/../../../../avr/lib/avr5/libc.a(vfprintf_std.o) (strnlen)
/usr/lib/gcc/avr/11.2.0/../../../../avr/lib/avr5/libc.a(fputc.o)
                              /usr/lib/gcc/avr/11.2.0/../../../../avr/lib/avr5/libc.a(vfprintf_std.o) (fputc)
/usr/lib/gcc/avr/11.2.0/../../../../avr/lib/avr5/libc.a(ultoa_invert.o)
                              /usr/lib/gcc/avr/11.2.0/../../../../avr/lib/avr5/libc.a(vfprintf_std.o) (__ultoa_invert)
/usr/lib/gcc/avr/11.2.0/avr5/libgcc.a(_prologue.o)
                              /usr/lib/gcc/avr/11.2.0/../../../../avr/lib/avr5/libc.a(snprintf.o) (__prologue_saves__)
/usr/lib/gcc/avr/11.2.0/avr5/libgcc.a(_epilogue.o)
                              /usr/lib/gcc/avr/11.2.0/../../../../avr/lib/avr5/libc.a(snprintf.o) (__epilogue_restores__)

Memory Configuration

Name             Origin             Length             Attributes
text             0x0000000000000000 0x0000000000008000 xr
data             0x0000000000800060 0x0000000000000800 rw !x
eeprom           0x0000000000810000 0x0000000000000400 rw !x
fuse             0x0000000000820000 0x0000000000000003 rw !x
lock             0x0000000000830000 0x0000000000000400 rw !x
signature        0x0000000000840000 0x0000000000000400 rw !x
user_signatures  0x0000000000850000 0x0000000000000400 rw !x
*default*        0x0000000000000000 0xffffffffffffffff

Linker script and memory map

Address of section .data set to 0x800100
LOAD /usr/lib/gcc/avr/11.2.0/../../../../avr/lib/avr5/crtatmega324pa.o
LOAD main.o
LOAD /usr/lib/gcc/avr/11.2.0/../../../../avr/lib/avr5/libm.a
LOAD ../lib/libstatique.a
START GROUP
LOAD /usr/lib/gcc/avr/11.2.0/avr5/libgcc.a
LOAD /usr/lib/gcc/avr/11.2.0/../../../../avr/lib/avr5/libm.a
LOAD /usr/lib/gcc/avr/11.2.0/../../../../avr/lib/avr5/libc.a
LOAD /usr/lib/gcc/avr/11.2.0/../../../../avr/lib/avr5/libatmega324pa.a
END GROUP
                [0x0000000000008000]                __TEXT_REGION_LENGTH__ = DEFINED (__TEXT_REGION_LENGTH__)?__TEXT_REGION_LENGTH__:0x20000
                [0x0000000000000800]                __DATA_REGION_LENGTH__ = DEFINED (__DATA_REGION_LENGTH__)?__DATA_REGION_LENGTH__:0xffa0
                [0x0000000000000400]                __EEPROM_REGION_LENGTH__ = DEFINED (__EEPROM_REGION_LENGTH__)?__EEPROM_REGION_LENGTH__:0x10000
                [0x0000000000000003]                __FUSE_REGION_LENGTH__ = DEFINED (__FUSE_REGION_LENGTH__)?__FUSE_REGION_LENGTH__:0x400
                0x0000000000000400                __LOCK_REGION_LENGTH__ = DEFINED (__LOCK_REGION_LENGTH__)?__LOCK_REGION_LENGTH__:0x400
                0x0000000000000400                __SIGNATURE_REGION_LENGTH__ = DEFINED (__SIGNATURE_REGION_LENGTH__)?__SIGNATURE_REGION_LENGTH__:0x400
                0x0000000000000400                __USER_SIGNATURE_REGION_LENGTH__ = DEFINED (__USER_SIGNATURE_REGION_LENGTH__)?__USER_SIGNATURE_REGION_LENGTH__:0x400

.hash
 *(.hash)

.dynsym
 *(.dynsym)

.dynstr
 *(.dynstr)

.gnu.version
 *(.gnu.version)

.gnu.version_d
 *(.gnu.version_d)

.gnu.version_r
 *(.gnu.version_r)

.rel.init
 *(.rel.init)

.rela.init
 *(.rela.init)

.rel.text
 *(.rel.text)
 *(.rel.text.*)
 *(.rel.gnu.linkonce.t*)

.rela.text
 *(.rela.text)
 *(.rela.text.*)
 *(.rela.gnu.linkonce.t*)

.rel.fini
 *(.rel.fini)

.rela.fini
 *(.rela.fini)

.rel.rodata
 *(.rel.rodata)
 *(.rel.rodata.*)
 *(.rel.gnu.linkonce.r*)

.rela.rodata
 *(.rela.rodata)
 *(.rela.rodata.*)
 *(.rela.gnu.linkonce.r*)

.rel.data
 *(.rel.data)
 *(.rel.data.*)
 *(.rel.gnu.linkonce.d*)

.rela.data
 *(.rela.data)
 *(.rela.data.*)
 *(.rela.gnu.linkonce.d*)

.rel.ctors
 *(.rel.ctors)

.rela.ctors
 *(.rela.ctors)

.rel.dtors
 *(.rel.dtors)

.rela.dtors
 *(.rela.dtors)

.rel.got
 *(.rel.got)

.rela.got
 *(.rela.got)

.rel.bss
 *(.rel.bss)

.rela.bss
 *(.rela.bss)

.rel.plt
 *(.rel.plt)

.rela.plt
 *(.rela.plt)

.text           0x0000000000000000     0x2afe
 *(.vectors)
 .vectors       0x0000000000000000       0x7c /usr/lib/gcc/avr/11.2.0/../../../../avr/lib/avr5/crtatmega324pa.o
                0x0000000000000000                __vectors
                0x0000000000000000                __vector_default
 *(.vectors)
 *(.progmem.gcc*)
 .progmem.gcc_fplib
                0x000000000000007c       0x28 /usr/lib/gcc/avr/11.2.0/../../../../avr/lib/avr5/libm.a(exp.o)
 .progmem.gcc_fplib
                0x00000000000000a4       0x5a /usr/lib/gcc/avr/11.2.0/../../../../avr/lib/avr5/libm.a(log.o)
                0x00000000000000fe                . = ALIGN (0x2)
                0x00000000000000fe                __trampolines_start = .
 *(.trampolines)
 .trampolines   0x00000000000000fe        0x0 linker stubs
 *(.trampolines*)
                0x00000000000000fe                __trampolines_end = .
 *libprintf_flt.a:*(.progmem.data)
 *libc.a:*(.progmem.data)
 *(.progmem.*)
                0x00000000000000fe                . = ALIGN (0x2)
 *(.lowtext)
 *(.lowtext*)
                0x00000000000000fe                __ctors_start = .
 *(.ctors)
 .ctors         0x00000000000000fe        0x2 ../lib/libstatique.a(robotdessin2.o)
                0x0000000000000100                __ctors_end = .
                0x0000000000000100                __dtors_start = .
 *(.dtors)
                0x0000000000000100                __dtors_end = .
 SORT_BY_NAME(*)(.ctors)
 SORT_BY_NAME(*)(.dtors)
 *(.init0)
 .init0         0x0000000000000100        0x0 /usr/lib/gcc/avr/11.2.0/../../../../avr/lib/avr5/crtatmega324pa.o
                0x0000000000000100                __init
 *(.init0)
 *(.init1)
 *(.init1)
 *(.init2)
 .init2         0x0000000000000100        0xc /usr/lib/gcc/avr/11.2.0/../../../../avr/lib/avr5/crtatmega324pa.o
 *(.init2)
 *(.init3)
 *(.init3)
 *(.init4)
 .init4         0x000000000000010c       0x16 /usr/lib/gcc/avr/11.2.0/avr5/libgcc.a(_copy_data.o)
                0x000000000000010c                __do_copy_data
 .init4         0x0000000000000122       0x10 /usr/lib/gcc/avr/11.2.0/avr5/libgcc.a(_clear_bss.o)
                0x0000000000000122                __do_clear_bss
 *(.init4)
 *(.init5)
 *(.init5)
 *(.init6)
 .init6         0x0000000000000132       0x16 /usr/lib/gcc/avr/11.2.0/avr5/libgcc.a(_ctors.o)
                0x0000000000000132                __do_global_ctors
 *(.init6)
 *(.init7)
 *(.init7)
 *(.init8)
 *(.init8)
 *(.init9)
 .init9         0x0000000000000148        0x8 /usr/lib/gcc/avr/11.2.0/../../../../avr/lib/avr5/crtatmega324pa.o
 *(.init9)
 *(.text)
 .text          0x0000000000000150        0x4 /usr/lib/gcc/avr/11.2.0/../../../../avr/lib/avr5/crtatmega324pa.o
                0x0000000000000150                __vector_22
                0x0000000000000150                __vector_28
                0x0000000000000150                __vector_1
                0x0000000000000150                __vector_24
                0x0000000000000150                __vector_12
                0x0000000000000150                __bad_interrupt
                0x0000000000000150                __vector_6
                0x0000000000000150                __vector_3
                0x0000000000000150                __vector_23
                0x0000000000000150                __vector_30
                0x0000000000000150                __vector_25
                0x0000000000000150                __vector_11
                0x0000000000000150                __vector_17
                0x0000000000000150                __vector_19
                0x0000000000000150                __vector_7
                0x0000000000000150                __vector_27
                0x0000000000000150                __vector_5
                0x0000000000000150                __vector_4
                0x0000000000000150                __vector_9
                0x0000000000000150                __vector_2
                0x0000000000000150                __vector_21
                0x0000000000000150                __vector_15
                0x0000000000000150                __vector_29
                0x0000000000000150                __vector_8
                0x0000000000000150                __vector_26
                0x0000000000000150                __vector_14
                0x0000000000000150                __vector_10
                0x0000000000000150                __vector_16
                0x0000000000000150                __vector_18
                0x0000000000000150                __vector_20
 .text          0x0000000000000154       0xec main.o
                0x0000000000000154                __vector_13
                0x0000000000000178                _Z29timerTrailToTimerTransmissionv
                0x0000000000000194                _Z15addBinaryNumberPhii
                0x00000000000001be                _Z11decToBinaryhPhRi
                0x0000000000000218                _Z16resetBinaryChartPh
                0x0000000000000224                _Z11isC3Pressedv
 .text          0x0000000000000240        0x0 /usr/lib/gcc/avr/11.2.0/../../../../avr/lib/avr5/libm.a(addsf3.o)
 .text          0x0000000000000240        0x0 /usr/lib/gcc/avr/11.2.0/../../../../avr/lib/avr5/libm.a(addsf3x.o)
 .text          0x0000000000000240        0x0 /usr/lib/gcc/avr/11.2.0/../../../../avr/lib/avr5/libm.a(divsf3.o)
 .text          0x0000000000000240        0x0 /usr/lib/gcc/avr/11.2.0/../../../../avr/lib/avr5/libm.a(divsf3x.o)
 .text          0x0000000000000240        0x0 /usr/lib/gcc/avr/11.2.0/../../../../avr/lib/avr5/libm.a(fixsfsi.o)
 .text          0x0000000000000240        0x0 /usr/lib/gcc/avr/11.2.0/../../../../avr/lib/avr5/libm.a(fixunssfsi.o)
 .text          0x0000000000000240        0x0 /usr/lib/gcc/avr/11.2.0/../../../../avr/lib/avr5/libm.a(floatsisf.o)
 .text          0x0000000000000240        0x0 /usr/lib/gcc/avr/11.2.0/../../../../avr/lib/avr5/libm.a(fp_inf.o)
 .text          0x0000000000000240        0x0 /usr/lib/gcc/avr/11.2.0/../../../../avr/lib/avr5/libm.a(fp_nan.o)
 .text          0x0000000000000240        0x0 /usr/lib/gcc/avr/11.2.0/../../../../avr/lib/avr5/libm.a(fp_pscA.o)
 .text          0x0000000000000240        0x0 /usr/lib/gcc/avr/11.2.0/../../../../avr/lib/avr5/libm.a(fp_pscB.o)
 .text          0x0000000000000240        0x0 /usr/lib/gcc/avr/11.2.0/../../../../avr/lib/avr5/libm.a(fp_round.o)
 .text          0x0000000000000240        0x0 /usr/lib/gcc/avr/11.2.0/../../../../avr/lib/avr5/libm.a(fp_split3.o)
 .text          0x0000000000000240        0x0 /usr/lib/gcc/avr/11.2.0/../../../../avr/lib/avr5/libm.a(fp_zero.o)
 .text          0x0000000000000240        0x0 /usr/lib/gcc/avr/11.2.0/../../../../avr/lib/avr5/libm.a(mulsf3.o)
 .text          0x0000000000000240        0x0 /usr/lib/gcc/avr/11.2.0/../../../../avr/lib/avr5/libm.a(mulsf3x.o)
 .text          0x0000000000000240       0x56 ../lib/libstatique.a(Button.o)
                0x0000000000000240                _ZN6ButtonD1Ev
                0x0000000000000240                _ZN6ButtonD2Ev
                0x0000000000000242                _ZN6Button9isPressedEv
                0x000000000000025c                _ZN6Button15enableInterruptEv
                0x000000000000026c                _ZN6Button16disableInterruptEv
                0x0000000000000272                _ZN6Button10initializeEv
                0x000000000000028e                _ZN6ButtonC1Eh
                0x000000000000028e                _ZN6ButtonC2Eh
 .text          0x0000000000000296       0xfa ../lib/libstatique.a(Led.o)
                0x0000000000000296                _ZN3LedC1EPVhS1_hh
                0x0000000000000296                _ZN3LedC2EPVhS1_hh
                0x00000000000002c6                _ZN3Led11setLedGreenEv
                0x00000000000002fa                _ZN3Led9setLedRedEv
                0x000000000000032e                _ZN3Led11setLedAmberEv
                0x0000000000000360                _ZN3Led9setLedOffEv
 .text          0x0000000000000390      0x260 ../lib/libstatique.a(sound.o)
                0x0000000000000390                _ZN5SoundD1Ev
                0x0000000000000390                _ZN5SoundD2Ev
                0x00000000000003a6                _ZN5Sound23initialisationTimer2CtcEv
                0x00000000000003c6                _ZN5SoundC1Ev
                0x00000000000003c6                _ZN5SoundC2Ev
                0x00000000000003fe                _ZN5Sound9playSoundEj
                0x00000000000005e4                _ZN5Sound9stopSoundEv
 .text          0x00000000000005f0      0x13e ../lib/libstatique.a(Timer.o)
                0x00000000000005f0                _ZN5TimerC2Ej
                0x00000000000005f0                _ZN5TimerC1Ej
                0x0000000000000600                _ZN5Timer15startRobotTimerEv
                0x0000000000000614                _ZN5Timer12startIRTimerEv
                0x0000000000000628                _ZN5Timer9stopTimerEv
                0x000000000000063a                _ZN5Timer16getAndResetTimerEv
                0x0000000000000648                _ZN5Timer8timerCTCEhj
                0x0000000000000668                _ZN5Timer20stopTimerCTCRobotTwoEv
                0x000000000000067c                _ZN5Timer21startTimerCTCRobotTwoEv
                0x00000000000006ae                _ZN5Timer7stopCTCEv
                0x00000000000006ba                _ZN5Timer11stopIRTimerEv
                0x00000000000006be                _ZN5TimerD1Ev
                0x00000000000006be                _ZN5TimerD2Ev
                0x00000000000006c0                _ZN5Timer13timerTwoMatchEhjj
                0x00000000000006da                _ZN5Timer16toggleInterruptsEb
                0x00000000000006ee                _ZN5Timer19setUpTimerReceptionEv
                0x0000000000000710                _ZN5Timer10timerResetEv
 .text          0x000000000000072e      0x11c ../lib/libstatique.a(uart.o)
                0x000000000000072e                _ZN4UARTC2Ev
                0x000000000000072e                _ZN4UARTC1Ev
                0x0000000000000758                _ZN4UART12transmissionEj
                0x0000000000000766                _ZN4UART9receptionEv
                0x0000000000000774                _ZN4UART5printEPch
                0x000000000000079e                _ZN4UART5printEi
                0x00000000000007fe                _ZN4UART5printEPc
                0x0000000000000846                _ZN4UART6print1EPKc
 .text          0x000000000000084a      0x12a ../lib/libstatique.a(Wheel2.o)
                0x000000000000084a                _ZN6Wheel2C2Ev
                0x000000000000084a                _ZN6Wheel2C1Ev
                0x0000000000000862                _ZN6Wheel2D2Ev
                0x0000000000000862                _ZN6Wheel2D1Ev
                0x0000000000000864                _ZN6Wheel29adjustPWMEhh
                0x0000000000000888                _ZN6Wheel215setWheelForwardEv
                0x0000000000000898                _ZN6Wheel216turnSlightlyLeftEv
                0x00000000000008a2                _ZN6Wheel217turnSlightlyRightEv
                0x00000000000008ac                _ZN6Wheel221turnSlightlyMoreRightEv
                0x00000000000008b6                _ZN6Wheel220turnSlightlyMoreLeftEv
                0x00000000000008c0                _ZN6Wheel29turnRightEv
                0x00000000000008cc                _ZN6Wheel28turnLeftEv
                0x00000000000008d8                _ZN6Wheel216setWheelBackwardEv
                0x00000000000008e8                _ZN6Wheel29stopWheelEv
                0x00000000000008ee                _ZN6Wheel221turnLeftNinetyDegreesEv
                0x000000000000090a                _ZN6Wheel226turnRightFourtyFiveDegreesEv
                0x0000000000000926                _ZN6Wheel222turnRightNinetyDegreesEv
                0x0000000000000942                _ZN6Wheel220turnOneEightyDegreesEv
                0x000000000000095a                _ZN6Wheel224turnSlightlyLeftBackwardEv
                0x0000000000000966                _ZN6Wheel225turnSlightlyRightBackwardEv
 .text          0x0000000000000974      0x2d6 ../lib/libstatique.a(LineSensor.o)
                0x0000000000000974                _ZN10LineSensorC2Ev
                0x0000000000000974                _ZN10LineSensorC1Ev
                0x00000000000009cc                _ZN10LineSensor6isS1OnEv
                0x00000000000009dc                _ZN10LineSensor6isS2OnEv
                0x00000000000009ec                _ZN10LineSensor6isS3OnEv
                0x00000000000009fc                _ZN10LineSensor6isS4OnEv
                0x0000000000000a0c                _ZN10LineSensor6isS5OnEv
                0x0000000000000a1c                _ZN10LineSensor17getNumbersSensorsEv
                0x0000000000000a66                _ZN10LineSensor8areAllOnEv
                0x0000000000000a78                _ZN10LineSensor9areAllOffEv
                0x0000000000000a88                _ZN10LineSensor8recenterEv
                0x0000000000000b22                _ZN10LineSensor15recenterSegmentEv
                0x0000000000000bbe                _ZN10LineSensor16recenterBackLeftEv
                0x0000000000000be8                _ZN10LineSensor17recenterBackRightEv
                0x0000000000000c12                _ZN10LineSensor12recenterBackEv
 .text          0x0000000000000c4a      0x11e ../lib/libstatique.a(transmission.o)
                0x0000000000000c4a                _ZN12TransmissionC1Ev
                0x0000000000000c4a                _ZN12TransmissionC2Ev
                0x0000000000000c94                _ZN12Transmission5setOnEv
                0x0000000000000c9e                _ZN12Transmission6setOffEv
                0x0000000000000ca8                _ZN12Transmission4stopEv
                0x0000000000000cd2                _ZN12Transmission11logicalZeroEv
                0x0000000000000d04                _ZN12Transmission10logicalOneEv
                0x0000000000000d36                _ZN12Transmission5startEv
 .text          0x0000000000000d68      0x34c ../lib/libstatique.a(robotdessin2.o)
                0x0000000000000d68                _ZN15RobotAffichage212printCircuitEP7Segmenth
 .text          0x00000000000010b4        0x0 /usr/lib/gcc/avr/11.2.0/avr5/libgcc.a(_divmodhi4.o)
 .text          0x00000000000010b4        0x0 /usr/lib/gcc/avr/11.2.0/avr5/libgcc.a(_exit.o)
 .text          0x00000000000010b4        0x0 /usr/lib/gcc/avr/11.2.0/avr5/libgcc.a(_tablejump2.o)
 .text          0x00000000000010b4        0x0 /usr/lib/gcc/avr/11.2.0/avr5/libgcc.a(_copy_data.o)
 .text          0x00000000000010b4        0x0 /usr/lib/gcc/avr/11.2.0/avr5/libgcc.a(_clear_bss.o)
 .text          0x00000000000010b4        0x0 /usr/lib/gcc/avr/11.2.0/avr5/libgcc.a(_ctors.o)
 .text          0x00000000000010b4        0x0 /usr/lib/gcc/avr/11.2.0/avr5/libgcc.a(_udivmodhi4.o)
 .text          0x00000000000010b4        0x0 /usr/lib/gcc/avr/11.2.0/../../../../avr/lib/avr5/libm.a(pow.o)
 .text          0x00000000000010b4        0x0 /usr/lib/gcc/avr/11.2.0/../../../../avr/lib/avr5/libm.a(exp.o)
 .text          0x00000000000010b4        0x0 /usr/lib/gcc/avr/11.2.0/../../../../avr/lib/avr5/libm.a(fp_powser.o)
 .text          0x00000000000010b4        0x0 /usr/lib/gcc/avr/11.2.0/../../../../avr/lib/avr5/libm.a(inverse.o)
 .text          0x00000000000010b4        0x0 /usr/lib/gcc/avr/11.2.0/../../../../avr/lib/avr5/libm.a(ldexp.o)
 .text          0x00000000000010b4        0x0 /usr/lib/gcc/avr/11.2.0/../../../../avr/lib/avr5/libm.a(log.o)
 .text          0x00000000000010b4        0x0 /usr/lib/gcc/avr/11.2.0/../../../../avr/lib/avr5/libm.a(modf.o)
 .text          0x00000000000010b4        0x0 /usr/lib/gcc/avr/11.2.0/../../../../avr/lib/avr5/libm.a(fp_mpack.o)
 .text          0x00000000000010b4        0x0 /usr/lib/gcc/avr/11.2.0/../../../../avr/lib/avr5/libc.a(snprintf.o)
 .text          0x00000000000010b4        0x0 /usr/lib/gcc/avr/11.2.0/../../../../avr/lib/avr5/libc.a(vfprintf_std.o)
 .text          0x00000000000010b4        0x0 /usr/lib/gcc/avr/11.2.0/../../../../avr/lib/avr5/libc.a(strnlen_P.o)
 .text          0x00000000000010b4        0x0 /usr/lib/gcc/avr/11.2.0/../../../../avr/lib/avr5/libc.a(strnlen.o)
 .text          0x00000000000010b4        0x0 /usr/lib/gcc/avr/11.2.0/../../../../avr/lib/avr5/libc.a(fputc.o)
 .text          0x00000000000010b4        0x0 /usr/lib/gcc/avr/11.2.0/../../../../avr/lib/avr5/libc.a(ultoa_invert.o)
 .text          0x00000000000010b4        0x0 /usr/lib/gcc/avr/11.2.0/avr5/libgcc.a(_prologue.o)
 .text          0x00000000000010b4        0x0 /usr/lib/gcc/avr/11.2.0/avr5/libgcc.a(_epilogue.o)
                0x00000000000010b4                . = ALIGN (0x2)
 *(.text.*)
 .text.startup  0x00000000000010b4      0xc96 main.o
                0x00000000000010b4                main
 .text.avr-libc.fplib
                0x0000000000001d4a        0xe /usr/lib/gcc/avr/11.2.0/../../../../avr/lib/avr5/libm.a(addsf3.o)
                0x0000000000001d4a                __subsf3
                0x0000000000001d4c                __addsf3
 .text.avr-libc.fplib
                0x0000000000001d58       0xcc /usr/lib/gcc/avr/11.2.0/../../../../avr/lib/avr5/libm.a(addsf3x.o)
                0x0000000000001d7a                __addsf3x
 .text.avr-libc.fplib
                0x0000000000001e24        0x8 /usr/lib/gcc/avr/11.2.0/../../../../avr/lib/avr5/libm.a(divsf3.o)
                0x0000000000001e24                __divsf3
 .text.avr-libc.fplib
                0x0000000000001e2c       0xdc /usr/lib/gcc/avr/11.2.0/../../../../avr/lib/avr5/libm.a(divsf3x.o)
                0x0000000000001e4c                __divsf3x
                0x0000000000001e52                __divsf3_pse
 .text.avr-libc.fplib
                0x0000000000001f08        0xe /usr/lib/gcc/avr/11.2.0/../../../../avr/lib/avr5/libm.a(fixsfsi.o)
                0x0000000000001f08                __fixsfsi
 .text.avr-libc.fplib
                0x0000000000001f16       0x5e /usr/lib/gcc/avr/11.2.0/../../../../avr/lib/avr5/libm.a(fixunssfsi.o)
                0x0000000000001f16                __fixunssfsi
 .text.avr-libc.fplib
                0x0000000000001f74       0x7a /usr/lib/gcc/avr/11.2.0/../../../../avr/lib/avr5/libm.a(floatsisf.o)
                0x0000000000001f74                __floatunsisf
                0x0000000000001f78                __floatsisf
 .text.avr-libc.fplib
                0x0000000000001fee        0xc /usr/lib/gcc/avr/11.2.0/../../../../avr/lib/avr5/libm.a(fp_inf.o)
                0x0000000000001fee                __fp_inf
 .text.avr-libc.fplib
                0x0000000000001ffa        0x6 /usr/lib/gcc/avr/11.2.0/../../../../avr/lib/avr5/libm.a(fp_nan.o)
                0x0000000000001ffa                __fp_nan
 .text.avr-libc.fplib
                0x0000000000002000        0xe /usr/lib/gcc/avr/11.2.0/../../../../avr/lib/avr5/libm.a(fp_pscA.o)
                0x0000000000002000                __fp_pscA
 .text.avr-libc.fplib
                0x000000000000200e        0xe /usr/lib/gcc/avr/11.2.0/../../../../avr/lib/avr5/libm.a(fp_pscB.o)
                0x000000000000200e                __fp_pscB
 .text.avr-libc.fplib
                0x000000000000201c       0x22 /usr/lib/gcc/avr/11.2.0/../../../../avr/lib/avr5/libm.a(fp_round.o)
                0x000000000000201c                __fp_round
 .text.avr-libc.fplib
                0x000000000000203e       0x44 /usr/lib/gcc/avr/11.2.0/../../../../avr/lib/avr5/libm.a(fp_split3.o)
                0x000000000000203e                __fp_split3
                0x000000000000204e                __fp_splitA
 .text.avr-libc.fplib
                0x0000000000002082        0xe /usr/lib/gcc/avr/11.2.0/../../../../avr/lib/avr5/libm.a(fp_zero.o)
                0x0000000000002082                __fp_zero
                0x0000000000002084                __fp_szero
 .text.avr-libc.fplib
                0x0000000000002090        0x8 /usr/lib/gcc/avr/11.2.0/../../../../avr/lib/avr5/libm.a(mulsf3.o)
                0x0000000000002090                __mulsf3
 .text.avr-libc.fplib
                0x0000000000002098       0xd2 /usr/lib/gcc/avr/11.2.0/../../../../avr/lib/avr5/libm.a(mulsf3x.o)
                0x00000000000020b6                __mulsf3x
                0x00000000000020bc                __mulsf3_pse
 .text.startup  0x000000000000216a       0x1a ../lib/libstatique.a(robotdessin2.o)
 .text.libgcc.mul
                0x0000000000002184        0x0 /usr/lib/gcc/avr/11.2.0/avr5/libgcc.a(_divmodhi4.o)
 .text.libgcc.div
                0x0000000000002184       0x28 /usr/lib/gcc/avr/11.2.0/avr5/libgcc.a(_divmodhi4.o)
                0x0000000000002184                __divmodhi4
                0x0000000000002184                _div
 .text.libgcc   0x00000000000021ac        0x0 /usr/lib/gcc/avr/11.2.0/avr5/libgcc.a(_divmodhi4.o)
 .text.libgcc.prologue
                0x00000000000021ac        0x0 /usr/lib/gcc/avr/11.2.0/avr5/libgcc.a(_divmodhi4.o)
 .text.libgcc.builtins
                0x00000000000021ac        0x0 /usr/lib/gcc/avr/11.2.0/avr5/libgcc.a(_divmodhi4.o)
 .text.libgcc.fmul
                0x00000000000021ac        0x0 /usr/lib/gcc/avr/11.2.0/avr5/libgcc.a(_divmodhi4.o)
 .text.libgcc.fixed
                0x00000000000021ac        0x0 /usr/lib/gcc/avr/11.2.0/avr5/libgcc.a(_divmodhi4.o)
 .text.libgcc.mul
                0x00000000000021ac        0x0 /usr/lib/gcc/avr/11.2.0/avr5/libgcc.a(_exit.o)
 .text.libgcc.div
                0x00000000000021ac        0x0 /usr/lib/gcc/avr/11.2.0/avr5/libgcc.a(_exit.o)
 .text.libgcc   0x00000000000021ac        0x0 /usr/lib/gcc/avr/11.2.0/avr5/libgcc.a(_exit.o)
 .text.libgcc.prologue
                0x00000000000021ac        0x0 /usr/lib/gcc/avr/11.2.0/avr5/libgcc.a(_exit.o)
 .text.libgcc.builtins
                0x00000000000021ac        0x0 /usr/lib/gcc/avr/11.2.0/avr5/libgcc.a(_exit.o)
 .text.libgcc.fmul
                0x00000000000021ac        0x0 /usr/lib/gcc/avr/11.2.0/avr5/libgcc.a(_exit.o)
 .text.libgcc.fixed
                0x00000000000021ac        0x0 /usr/lib/gcc/avr/11.2.0/avr5/libgcc.a(_exit.o)
 .text.libgcc.mul
                0x00000000000021ac        0x0 /usr/lib/gcc/avr/11.2.0/avr5/libgcc.a(_tablejump2.o)
 .text.libgcc.div
                0x00000000000021ac        0x0 /usr/lib/gcc/avr/11.2.0/avr5/libgcc.a(_tablejump2.o)
 .text.libgcc   0x00000000000021ac        0xc /usr/lib/gcc/avr/11.2.0/avr5/libgcc.a(_tablejump2.o)
                0x00000000000021ac                __tablejump2__
 .text.libgcc.prologue
                0x00000000000021b8        0x0 /usr/lib/gcc/avr/11.2.0/avr5/libgcc.a(_tablejump2.o)
 .text.libgcc.builtins
                0x00000000000021b8        0x0 /usr/lib/gcc/avr/11.2.0/avr5/libgcc.a(_tablejump2.o)
 .text.libgcc.fmul
                0x00000000000021b8        0x0 /usr/lib/gcc/avr/11.2.0/avr5/libgcc.a(_tablejump2.o)
 .text.libgcc.fixed
                0x00000000000021b8        0x0 /usr/lib/gcc/avr/11.2.0/avr5/libgcc.a(_tablejump2.o)
 .text.libgcc.mul
                0x00000000000021b8        0x0 /usr/lib/gcc/avr/11.2.0/avr5/libgcc.a(_copy_data.o)
 .text.libgcc.div
                0x00000000000021b8        0x0 /usr/lib/gcc/avr/11.2.0/avr5/libgcc.a(_copy_data.o)
 .text.libgcc   0x00000000000021b8        0x0 /usr/lib/gcc/avr/11.2.0/avr5/libgcc.a(_copy_data.o)
 .text.libgcc.prologue
                0x00000000000021b8        0x0 /usr/lib/gcc/avr/11.2.0/avr5/libgcc.a(_copy_data.o)
 .text.libgcc.builtins
                0x00000000000021b8        0x0 /usr/lib/gcc/avr/11.2.0/avr5/libgcc.a(_copy_data.o)
 .text.libgcc.fmul
                0x00000000000021b8        0x0 /usr/lib/gcc/avr/11.2.0/avr5/libgcc.a(_copy_data.o)
 .text.libgcc.fixed
                0x00000000000021b8        0x0 /usr/lib/gcc/avr/11.2.0/avr5/libgcc.a(_copy_data.o)
 .text.libgcc.mul
                0x00000000000021b8        0x0 /usr/lib/gcc/avr/11.2.0/avr5/libgcc.a(_clear_bss.o)
 .text.libgcc.div
                0x00000000000021b8        0x0 /usr/lib/gcc/avr/11.2.0/avr5/libgcc.a(_clear_bss.o)
 .text.libgcc   0x00000000000021b8        0x0 /usr/lib/gcc/avr/11.2.0/avr5/libgcc.a(_clear_bss.o)
 .text.libgcc.prologue
                0x00000000000021b8        0x0 /usr/lib/gcc/avr/11.2.0/avr5/libgcc.a(_clear_bss.o)
 .text.libgcc.builtins
                0x00000000000021b8        0x0 /usr/lib/gcc/avr/11.2.0/avr5/libgcc.a(_clear_bss.o)
 .text.libgcc.fmul
                0x00000000000021b8        0x0 /usr/lib/gcc/avr/11.2.0/avr5/libgcc.a(_clear_bss.o)
 .text.libgcc.fixed
                0x00000000000021b8        0x0 /usr/lib/gcc/avr/11.2.0/avr5/libgcc.a(_clear_bss.o)
 .text.libgcc.mul
                0x00000000000021b8        0x0 /usr/lib/gcc/avr/11.2.0/avr5/libgcc.a(_ctors.o)
 .text.libgcc.div
                0x00000000000021b8        0x0 /usr/lib/gcc/avr/11.2.0/avr5/libgcc.a(_ctors.o)
 .text.libgcc   0x00000000000021b8        0x0 /usr/lib/gcc/avr/11.2.0/avr5/libgcc.a(_ctors.o)
 .text.libgcc.prologue
                0x00000000000021b8        0x0 /usr/lib/gcc/avr/11.2.0/avr5/libgcc.a(_ctors.o)
 .text.libgcc.builtins
                0x00000000000021b8        0x0 /usr/lib/gcc/avr/11.2.0/avr5/libgcc.a(_ctors.o)
 .text.libgcc.fmul
                0x00000000000021b8        0x0 /usr/lib/gcc/avr/11.2.0/avr5/libgcc.a(_ctors.o)
 .text.libgcc.fixed
                0x00000000000021b8        0x0 /usr/lib/gcc/avr/11.2.0/avr5/libgcc.a(_ctors.o)
 .text.libgcc.mul
                0x00000000000021b8        0x0 /usr/lib/gcc/avr/11.2.0/avr5/libgcc.a(_udivmodhi4.o)
 .text.libgcc.div
                0x00000000000021b8       0x28 /usr/lib/gcc/avr/11.2.0/avr5/libgcc.a(_udivmodhi4.o)
                0x00000000000021b8                __udivmodhi4
 .text.libgcc   0x00000000000021e0        0x0 /usr/lib/gcc/avr/11.2.0/avr5/libgcc.a(_udivmodhi4.o)
 .text.libgcc.prologue
                0x00000000000021e0        0x0 /usr/lib/gcc/avr/11.2.0/avr5/libgcc.a(_udivmodhi4.o)
 .text.libgcc.builtins
                0x00000000000021e0        0x0 /usr/lib/gcc/avr/11.2.0/avr5/libgcc.a(_udivmodhi4.o)
 .text.libgcc.fmul
                0x00000000000021e0        0x0 /usr/lib/gcc/avr/11.2.0/avr5/libgcc.a(_udivmodhi4.o)
 .text.libgcc.fixed
                0x00000000000021e0        0x0 /usr/lib/gcc/avr/11.2.0/avr5/libgcc.a(_udivmodhi4.o)
 .text.avr-libc.fplib
                0x00000000000021e0       0xa0 /usr/lib/gcc/avr/11.2.0/../../../../avr/lib/avr5/libm.a(pow.o)
                0x00000000000021e0                pow
 .text.avr-libc.fplib
                0x0000000000002280       0x74 /usr/lib/gcc/avr/11.2.0/../../../../avr/lib/avr5/libm.a(exp.o)
                0x0000000000002290                exp
 .text.avr-libc.fplib
                0x00000000000022f4       0x4e /usr/lib/gcc/avr/11.2.0/../../../../avr/lib/avr5/libm.a(fp_powser.o)
                0x00000000000022f4                __fp_powser
 .text.avr-libc.fplib
                0x0000000000002342       0x10 /usr/lib/gcc/avr/11.2.0/../../../../avr/lib/avr5/libm.a(inverse.o)
                0x0000000000002342                inverse
 .text.avr-libc.fplib
                0x0000000000002352       0x74 /usr/lib/gcc/avr/11.2.0/../../../../avr/lib/avr5/libm.a(ldexp.o)
                0x000000000000235a                ldexp
 .text.avr-libc.fplib
                0x00000000000023c6       0xa0 /usr/lib/gcc/avr/11.2.0/../../../../avr/lib/avr5/libm.a(log.o)
                0x00000000000023d6                log
 .text.avr-libc.fplib
                0x0000000000002466       0x68 /usr/lib/gcc/avr/11.2.0/../../../../avr/lib/avr5/libm.a(modf.o)
                0x0000000000002466                modff
                0x0000000000002466                modf
 .text.avr-libc.fplib
                0x00000000000024ce       0x1c /usr/lib/gcc/avr/11.2.0/../../../../avr/lib/avr5/libm.a(fp_mpack.o)
                0x00000000000024ce                __fp_mpack
                0x00000000000024d2                __fp_mpack_finite
 .text.avr-libc
                0x00000000000024ea       0x64 /usr/lib/gcc/avr/11.2.0/../../../../avr/lib/avr5/libc.a(snprintf.o)
                0x00000000000024ea                snprintf
 .text.avr-libc
                0x000000000000254e      0x3a6 /usr/lib/gcc/avr/11.2.0/../../../../avr/lib/avr5/libc.a(vfprintf_std.o)
                0x000000000000254e                vfprintf
 .text.avr-libc
                0x00000000000028f4       0x16 /usr/lib/gcc/avr/11.2.0/../../../../avr/lib/avr5/libc.a(strnlen_P.o)
                0x00000000000028f4                strnlen_P
 .text.avr-libc
                0x000000000000290a       0x16 /usr/lib/gcc/avr/11.2.0/../../../../avr/lib/avr5/libc.a(strnlen.o)
                0x000000000000290a                strnlen
 .text.avr-libc
                0x0000000000002920       0x60 /usr/lib/gcc/avr/11.2.0/../../../../avr/lib/avr5/libc.a(fputc.o)
                0x0000000000002920                fputc
 .text.avr-libc
                0x0000000000002980       0xbc /usr/lib/gcc/avr/11.2.0/../../../../avr/lib/avr5/libc.a(ultoa_invert.o)
                0x0000000000002980                __ultoa_invert
 .text.libgcc.mul
                0x0000000000002a3c        0x0 /usr/lib/gcc/avr/11.2.0/avr5/libgcc.a(_prologue.o)
 .text.libgcc.div
                0x0000000000002a3c        0x0 /usr/lib/gcc/avr/11.2.0/avr5/libgcc.a(_prologue.o)
 .text.libgcc   0x0000000000002a3c        0x0 /usr/lib/gcc/avr/11.2.0/avr5/libgcc.a(_prologue.o)
 .text.libgcc.prologue
                0x0000000000002a3c       0x38 /usr/lib/gcc/avr/11.2.0/avr5/libgcc.a(_prologue.o)
                0x0000000000002a3c                __prologue_saves__
 .text.libgcc.builtins
                0x0000000000002a74        0x0 /usr/lib/gcc/avr/11.2.0/avr5/libgcc.a(_prologue.o)
 .text.libgcc.fmul
                0x0000000000002a74        0x0 /usr/lib/gcc/avr/11.2.0/avr5/libgcc.a(_prologue.o)
 .text.libgcc.fixed
                0x0000000000002a74        0x0 /usr/lib/gcc/avr/11.2.0/avr5/libgcc.a(_prologue.o)
 .text.libgcc.mul
                0x0000000000002a74        0x0 /usr/lib/gcc/avr/11.2.0/avr5/libgcc.a(_epilogue.o)
 .text.libgcc.div
                0x0000000000002a74        0x0 /usr/lib/gcc/avr/11.2.0/avr5/libgcc.a(_epilogue.o)
 .text.libgcc   0x0000000000002a74        0x0 /usr/lib/gcc/avr/11.2.0/avr5/libgcc.a(_epilogue.o)
 .text.libgcc.prologue
                0x0000000000002a74       0x36 /usr/lib/gcc/avr/11.2.0/avr5/libgcc.a(_epilogue.o)
                0x0000000000002a74                __epilogue_restores__
 .text.libgcc.builtins
                0x0000000000002aaa        0x0 /usr/lib/gcc/avr/11.2.0/avr5/libgcc.a(_epilogue.o)
 .text.libgcc.fmul
                0x0000000000002aaa        0x0 /usr/lib/gcc/avr/11.2.0/avr5/libgcc.a(_epilogue.o)
 .text.libgcc.fixed
                0x0000000000002aaa        0x0 /usr/lib/gcc/avr/11.2.0/avr5/libgcc.a(_epilogue.o)
                0x0000000000002aaa                . = ALIGN (0x2)
 *(.fini9)
 .fini9         0x0000000000002aaa        0x0 /usr/lib/gcc/avr/11.2.0/avr5/libgcc.a(_exit.o)
                0x0000000000002aaa                exit
                0x0000000000002aaa                _exit
 *(.fini9)
 *(.fini8)
 *(.fini8)
 *(.fini7)
 *(.fini7)
 *(.fini6)
 *(.fini6)
 *(.fini5)
 *(.fini5)
 *(.fini4)
 *(.fini4)
 *(.fini3)
 *(.fini3)
 *(.fini2)
 *(.fini2)
 *(.fini1)
 *(.fini1)
 *(.fini0)
 .fini0         0x0000000000002aaa        0x4 /usr/lib/gcc/avr/11.2.0/avr5/libgcc.a(_exit.o)
 *(.fini0)
 *(.hightext)
 *(.hightext*)
 *(.progmemx.*)
                0x0000000000002aae                . = ALIGN (0x2)
 *(.jumptables)
 *(.jumptables*)
 .jumptables.gcc.main
                0x0000000000002aae       0x1a main.o
 .jumptables.gcc._ZN15RobotAffichage212printCircuitEP7Segmenth
                0x0000000000002ac8       0x36 ../lib/libstatique.a(robotdessin2.o)
                0x0000000000002afe                _etext = .

.data           0x0000000000800100       0x70 load address 0x0000000000002afe
                0x0000000000800100                PROVIDE (__data_start = .)
 *(.data)
 .data          0x0000000000800100        0x0 /usr/lib/gcc/avr/11.2.0/../../../../avr/lib/avr5/crtatmega324pa.o
 .data          0x0000000000800100        0x0 main.o
 .data          0x0000000000800100        0x0 /usr/lib/gcc/avr/11.2.0/../../../../avr/lib/avr5/libm.a(addsf3.o)
 .data          0x0000000000800100        0x0 /usr/lib/gcc/avr/11.2.0/../../../../avr/lib/avr5/libm.a(addsf3x.o)
 .data          0x0000000000800100        0x0 /usr/lib/gcc/avr/11.2.0/../../../../avr/lib/avr5/libm.a(divsf3.o)
 .data          0x0000000000800100        0x0 /usr/lib/gcc/avr/11.2.0/../../../../avr/lib/avr5/libm.a(divsf3x.o)
 .data          0x0000000000800100        0x0 /usr/lib/gcc/avr/11.2.0/../../../../avr/lib/avr5/libm.a(fixsfsi.o)
 .data          0x0000000000800100        0x0 /usr/lib/gcc/avr/11.2.0/../../../../avr/lib/avr5/libm.a(fixunssfsi.o)
 .data          0x0000000000800100        0x0 /usr/lib/gcc/avr/11.2.0/../../../../avr/lib/avr5/libm.a(floatsisf.o)
 .data          0x0000000000800100        0x0 /usr/lib/gcc/avr/11.2.0/../../../../avr/lib/avr5/libm.a(fp_inf.o)
 .data          0x0000000000800100        0x0 /usr/lib/gcc/avr/11.2.0/../../../../avr/lib/avr5/libm.a(fp_nan.o)
 .data          0x0000000000800100        0x0 /usr/lib/gcc/avr/11.2.0/../../../../avr/lib/avr5/libm.a(fp_pscA.o)
 .data          0x0000000000800100        0x0 /usr/lib/gcc/avr/11.2.0/../../../../avr/lib/avr5/libm.a(fp_pscB.o)
 .data          0x0000000000800100        0x0 /usr/lib/gcc/avr/11.2.0/../../../../avr/lib/avr5/libm.a(fp_round.o)
 .data          0x0000000000800100        0x0 /usr/lib/gcc/avr/11.2.0/../../../../avr/lib/avr5/libm.a(fp_split3.o)
 .data          0x0000000000800100        0x0 /usr/lib/gcc/avr/11.2.0/../../../../avr/lib/avr5/libm.a(fp_zero.o)
 .data          0x0000000000800100        0x0 /usr/lib/gcc/avr/11.2.0/../../../../avr/lib/avr5/libm.a(mulsf3.o)
 .data          0x0000000000800100        0x0 /usr/lib/gcc/avr/11.2.0/../../../../avr/lib/avr5/libm.a(mulsf3x.o)
 .data          0x0000000000800100        0x0 ../lib/libstatique.a(Button.o)
 .data          0x0000000000800100        0x0 ../lib/libstatique.a(Led.o)
 .data          0x0000000000800100        0x0 ../lib/libstatique.a(sound.o)
 .data          0x0000000000800100        0x0 ../lib/libstatique.a(Timer.o)
 .data          0x0000000000800100        0x0 ../lib/libstatique.a(uart.o)
 .data          0x0000000000800100        0x0 ../lib/libstatique.a(Wheel2.o)
 .data          0x0000000000800100        0x0 ../lib/libstatique.a(LineSensor.o)
 .data          0x0000000000800100        0x0 ../lib/libstatique.a(transmission.o)
 .data          0x0000000000800100        0x0 ../lib/libstatique.a(robotdessin2.o)
 .data          0x0000000000800100        0x0 /usr/lib/gcc/avr/11.2.0/avr5/libgcc.a(_divmodhi4.o)
 .data          0x0000000000800100        0x0 /usr/lib/gcc/avr/11.2.0/avr5/libgcc.a(_exit.o)
 .data          0x0000000000800100        0x0 /usr/lib/gcc/avr/11.2.0/avr5/libgcc.a(_tablejump2.o)
 .data          0x0000000000800100        0x0 /usr/lib/gcc/avr/11.2.0/avr5/libgcc.a(_copy_data.o)
 .data          0x0000000000800100        0x0 /usr/lib/gcc/avr/11.2.0/avr5/libgcc.a(_clear_bss.o)
 .data          0x0000000000800100        0x0 /usr/lib/gcc/avr/11.2.0/avr5/libgcc.a(_ctors.o)
 .data          0x0000000000800100        0x0 /usr/lib/gcc/avr/11.2.0/avr5/libgcc.a(_udivmodhi4.o)
 .data          0x0000000000800100        0x0 /usr/lib/gcc/avr/11.2.0/../../../../avr/lib/avr5/libm.a(pow.o)
 .data          0x0000000000800100        0x0 /usr/lib/gcc/avr/11.2.0/../../../../avr/lib/avr5/libm.a(exp.o)
 .data          0x0000000000800100        0x0 /usr/lib/gcc/avr/11.2.0/../../../../avr/lib/avr5/libm.a(fp_powser.o)
 .data          0x0000000000800100        0x0 /usr/lib/gcc/avr/11.2.0/../../../../avr/lib/avr5/libm.a(inverse.o)
 .data          0x0000000000800100        0x0 /usr/lib/gcc/avr/11.2.0/../../../../avr/lib/avr5/libm.a(ldexp.o)
 .data          0x0000000000800100        0x0 /usr/lib/gcc/avr/11.2.0/../../../../avr/lib/avr5/libm.a(log.o)
 .data          0x0000000000800100        0x0 /usr/lib/gcc/avr/11.2.0/../../../../avr/lib/avr5/libm.a(modf.o)
 .data          0x0000000000800100        0x0 /usr/lib/gcc/avr/11.2.0/../../../../avr/lib/avr5/libm.a(fp_mpack.o)
 .data          0x0000000000800100        0x0 /usr/lib/gcc/avr/11.2.0/../../../../avr/lib/avr5/libc.a(snprintf.o)
 .data          0x0000000000800100        0x0 /usr/lib/gcc/avr/11.2.0/../../../../avr/lib/avr5/libc.a(vfprintf_std.o)
 .data          0x0000000000800100        0x0 /usr/lib/gcc/avr/11.2.0/../../../../avr/lib/avr5/libc.a(strnlen_P.o)
 .data          0x0000000000800100        0x0 /usr/lib/gcc/avr/11.2.0/../../../../avr/lib/avr5/libc.a(strnlen.o)
 .data          0x0000000000800100        0x0 /usr/lib/gcc/avr/11.2.0/../../../../avr/lib/avr5/libc.a(fputc.o)
 .data          0x0000000000800100        0x0 /usr/lib/gcc/avr/11.2.0/../../../../avr/lib/avr5/libc.a(ultoa_invert.o)
 .data          0x0000000000800100        0x0 /usr/lib/gcc/avr/11.2.0/avr5/libgcc.a(_prologue.o)
 .data          0x0000000000800100        0x0 /usr/lib/gcc/avr/11.2.0/avr5/libgcc.a(_epilogue.o)
 *(.data*)
 *(.gnu.linkonce.d*)
 *(.rodata)
 *(.rodata*)
 .rodata.str1.1
                0x0000000000800100        0x4 ../lib/libstatique.a(uart.o)
 .rodata.str1.1
                0x0000000000800104       0x6b ../lib/libstatique.a(robotdessin2.o)
                                         0x6d (size before relaxing)
 *(.gnu.linkonce.r*)
                0x0000000000800170                . = ALIGN (0x2)
 *fill*         0x000000000080016f        0x1 
                0x0000000000800170                _edata = .
                0x0000000000800170                PROVIDE (__data_end = .)

.bss            0x0000000000800170       0x97
                0x0000000000800170                PROVIDE (__bss_start = .)
 *(.bss)
 .bss           0x0000000000800170        0x0 /usr/lib/gcc/avr/11.2.0/../../../../avr/lib/avr5/crtatmega324pa.o
 .bss           0x0000000000800170       0x93 main.o
                0x0000000000800170                state
                0x0000000000800172                binaryChart
                0x0000000000800200                gButtonPressed
                0x0000000000800201                gQuarterOfSecondPass
 .bss           0x0000000000800203        0x0 /usr/lib/gcc/avr/11.2.0/../../../../avr/lib/avr5/libm.a(addsf3.o)
 .bss           0x0000000000800203        0x0 /usr/lib/gcc/avr/11.2.0/../../../../avr/lib/avr5/libm.a(addsf3x.o)
 .bss           0x0000000000800203        0x0 /usr/lib/gcc/avr/11.2.0/../../../../avr/lib/avr5/libm.a(divsf3.o)
 .bss           0x0000000000800203        0x0 /usr/lib/gcc/avr/11.2.0/../../../../avr/lib/avr5/libm.a(divsf3x.o)
 .bss           0x0000000000800203        0x0 /usr/lib/gcc/avr/11.2.0/../../../../avr/lib/avr5/libm.a(fixsfsi.o)
 .bss           0x0000000000800203        0x0 /usr/lib/gcc/avr/11.2.0/../../../../avr/lib/avr5/libm.a(fixunssfsi.o)
 .bss           0x0000000000800203        0x0 /usr/lib/gcc/avr/11.2.0/../../../../avr/lib/avr5/libm.a(floatsisf.o)
 .bss           0x0000000000800203        0x0 /usr/lib/gcc/avr/11.2.0/../../../../avr/lib/avr5/libm.a(fp_inf.o)
 .bss           0x0000000000800203        0x0 /usr/lib/gcc/avr/11.2.0/../../../../avr/lib/avr5/libm.a(fp_nan.o)
 .bss           0x0000000000800203        0x0 /usr/lib/gcc/avr/11.2.0/../../../../avr/lib/avr5/libm.a(fp_pscA.o)
 .bss           0x0000000000800203        0x0 /usr/lib/gcc/avr/11.2.0/../../../../avr/lib/avr5/libm.a(fp_pscB.o)
 .bss           0x0000000000800203        0x0 /usr/lib/gcc/avr/11.2.0/../../../../avr/lib/avr5/libm.a(fp_round.o)
 .bss           0x0000000000800203        0x0 /usr/lib/gcc/avr/11.2.0/../../../../avr/lib/avr5/libm.a(fp_split3.o)
 .bss           0x0000000000800203        0x0 /usr/lib/gcc/avr/11.2.0/../../../../avr/lib/avr5/libm.a(fp_zero.o)
 .bss           0x0000000000800203        0x0 /usr/lib/gcc/avr/11.2.0/../../../../avr/lib/avr5/libm.a(mulsf3.o)
 .bss           0x0000000000800203        0x0 /usr/lib/gcc/avr/11.2.0/../../../../avr/lib/avr5/libm.a(mulsf3x.o)
 .bss           0x0000000000800203        0x0 ../lib/libstatique.a(Button.o)
 .bss           0x0000000000800203        0x0 ../lib/libstatique.a(Led.o)
 .bss           0x0000000000800203        0x0 ../lib/libstatique.a(sound.o)
 .bss           0x0000000000800203        0x0 ../lib/libstatique.a(Timer.o)
 .bss           0x0000000000800203        0x0 ../lib/libstatique.a(uart.o)
 .bss           0x0000000000800203        0x0 ../lib/libstatique.a(Wheel2.o)
 .bss           0x0000000000800203        0x0 ../lib/libstatique.a(LineSensor.o)
 .bss           0x0000000000800203        0x0 ../lib/libstatique.a(transmission.o)
 .bss           0x0000000000800203        0x4 ../lib/libstatique.a(robotdessin2.o)
                0x0000000000800203                led
 .bss           0x0000000000800207        0x0 /usr/lib/gcc/avr/11.2.0/avr5/libgcc.a(_divmodhi4.o)
 .bss           0x0000000000800207        0x0 /usr/lib/gcc/avr/11.2.0/avr5/libgcc.a(_exit.o)
 .bss           0x0000000000800207        0x0 /usr/lib/gcc/avr/11.2.0/avr5/libgcc.a(_tablejump2.o)
 .bss           0x0000000000800207        0x0 /usr/lib/gcc/avr/11.2.0/avr5/libgcc.a(_copy_data.o)
 .bss           0x0000000000800207        0x0 /usr/lib/gcc/avr/11.2.0/avr5/libgcc.a(_clear_bss.o)
 .bss           0x0000000000800207        0x0 /usr/lib/gcc/avr/11.2.0/avr5/libgcc.a(_ctors.o)
 .bss           0x0000000000800207        0x0 /usr/lib/gcc/avr/11.2.0/avr5/libgcc.a(_udivmodhi4.o)
 .bss           0x0000000000800207        0x0 /usr/lib/gcc/avr/11.2.0/../../../../avr/lib/avr5/libm.a(pow.o)
 .bss           0x0000000000800207        0x0 /usr/lib/gcc/avr/11.2.0/../../../../avr/lib/avr5/libm.a(exp.o)
 .bss           0x0000000000800207        0x0 /usr/lib/gcc/avr/11.2.0/../../../../avr/lib/avr5/libm.a(fp_powser.o)
 .bss           0x0000000000800207        0x0 /usr/lib/gcc/avr/11.2.0/../../../../avr/lib/avr5/libm.a(inverse.o)
 .bss           0x0000000000800207        0x0 /usr/lib/gcc/avr/11.2.0/../../../../avr/lib/avr5/libm.a(ldexp.o)
 .bss           0x0000000000800207        0x0 /usr/lib/gcc/avr/11.2.0/../../../../avr/lib/avr5/libm.a(log.o)
 .bss           0x0000000000800207        0x0 /usr/lib/gcc/avr/11.2.0/../../../../avr/lib/avr5/libm.a(modf.o)
 .bss           0x0000000000800207        0x0 /usr/lib/gcc/avr/11.2.0/../../../../avr/lib/avr5/libm.a(fp_mpack.o)
 .bss           0x0000000000800207        0x0 /usr/lib/gcc/avr/11.2.0/../../../../avr/lib/avr5/libc.a(snprintf.o)
 .bss           0x0000000000800207        0x0 /usr/lib/gcc/avr/11.2.0/../../../../avr/lib/avr5/libc.a(vfprintf_std.o)
 .bss           0x0000000000800207        0x0 /usr/lib/gcc/avr/11.2.0/../../../../avr/lib/avr5/libc.a(strnlen_P.o)
 .bss           0x0000000000800207        0x0 /usr/lib/gcc/avr/11.2.0/../../../../avr/lib/avr5/libc.a(strnlen.o)
 .bss           0x0000000000800207        0x0 /usr/lib/gcc/avr/11.2.0/../../../../avr/lib/avr5/libc.a(fputc.o)
 .bss           0x0000000000800207        0x0 /usr/lib/gcc/avr/11.2.0/../../../../avr/lib/avr5/libc.a(ultoa_invert.o)
 .bss           0x0000000000800207        0x0 /usr/lib/gcc/avr/11.2.0/avr5/libgcc.a(_prologue.o)
 .bss           0x0000000000800207        0x0 /usr/lib/gcc/avr/11.2.0/avr5/libgcc.a(_epilogue.o)
 *(.bss*)
 *(COMMON)
                0x0000000000800207                PROVIDE (__bss_end = .)
                0x0000000000002afe                __data_load_start = LOADADDR (.data)
                0x0000000000002b6e                __data_load_end = (__data_load_start + SIZEOF (.data))

.noinit         0x0000000000800207        0x0
                [!provide]                        PROVIDE (__noinit_start = .)
 *(.noinit .noinit.* .gnu.linkonce.n.*)
                [!provide]                        PROVIDE (__noinit_end = .)
                0x0000000000800207                _end = .
                [!provide]                        PROVIDE (__heap_start = .)

.eeprom         0x0000000000810000        0x0
 *(.eeprom*)
                0x0000000000810000                __eeprom_end = .

.fuse
 *(.fuse)
 *(.lfuse)
 *(.hfuse)
 *(.efuse)

.lock
 *(.lock*)

.signature
 *(.signature*)

.stab           0x0000000000000000     0x4728
 *(.stab)
 .stab          0x0000000000000000     0x16d4 main.o
 .stab          0x00000000000016d4      0x288 ../lib/libstatique.a(Button.o)
                                        0x294 (size before relaxing)
 .stab          0x000000000000195c      0x3c0 ../lib/libstatique.a(Led.o)
                                        0x3cc (size before relaxing)
 .stab          0x0000000000001d1c      0x2b8 ../lib/libstatique.a(sound.o)
                                        0x2c4 (size before relaxing)
 .stab          0x0000000000001fd4      0x5e8 ../lib/libstatique.a(Timer.o)
                                        0x5f4 (size before relaxing)
 .stab          0x00000000000025bc      0x360 ../lib/libstatique.a(uart.o)
                                        0x36c (size before relaxing)
 .stab          0x000000000000291c      0x78c ../lib/libstatique.a(Wheel2.o)
                                        0x798 (size before relaxing)
 .stab          0x00000000000030a8      0x864 ../lib/libstatique.a(LineSensor.o)
                                        0x870 (size before relaxing)
 .stab          0x000000000000390c      0x3e4 ../lib/libstatique.a(transmission.o)
                                        0x3f0 (size before relaxing)
 .stab          0x0000000000003cf0      0xa38 ../lib/libstatique.a(robotdessin2.o)
                                        0xa44 (size before relaxing)

.stabstr        0x0000000000000000     0x736d
 *(.stabstr)
 .stabstr       0x0000000000000000     0x736d main.o

.stab.excl
 *(.stab.excl)

.stab.exclstr
 *(.stab.exclstr)

.stab.index
 *(.stab.index)

.stab.indexstr
 *(.stab.indexstr)

.comment        0x0000000000000000       0x23
 *(.comment)
 .comment       0x0000000000000000       0x23 main.o
                                         0x24 (size before relaxing)
 .comment       0x0000000000000023       0x24 ../lib/libstatique.a(Button.o)
 .comment       0x0000000000000023       0x24 ../lib/libstatique.a(Led.o)
 .comment       0x0000000000000023       0x24 ../lib/libstatique.a(sound.o)
 .comment       0x0000000000000023       0x24 ../lib/libstatique.a(Timer.o)
 .comment       0x0000000000000023       0x24 ../lib/libstatique.a(uart.o)
 .comment       0x0000000000000023       0x24 ../lib/libstatique.a(Wheel2.o)
 .comment       0x0000000000000023       0x24 ../lib/libstatique.a(LineSensor.o)
 .comment       0x0000000000000023       0x24 ../lib/libstatique.a(transmission.o)
 .comment       0x0000000000000023       0x24 ../lib/libstatique.a(robotdessin2.o)
 .comment       0x0000000000000023       0x24 /usr/lib/gcc/avr/11.2.0/../../../../avr/lib/avr5/libc.a(snprintf.o)
 .comment       0x0000000000000023       0x24 /usr/lib/gcc/avr/11.2.0/../../../../avr/lib/avr5/libc.a(vfprintf_std.o)
 .comment       0x0000000000000023       0x24 /usr/lib/gcc/avr/11.2.0/../../../../avr/lib/avr5/libc.a(fputc.o)

.note.gnu.avr.deviceinfo
                0x0000000000000000       0x40
 .note.gnu.avr.deviceinfo
                0x0000000000000000       0x40 /usr/lib/gcc/avr/11.2.0/../../../../avr/lib/avr5/crtatmega324pa.o

.note.gnu.build-id
 *(.note.gnu.build-id)

.debug
 *(.debug)

.line
 *(.line)

.debug_srcinfo
 *(.debug_srcinfo)

.debug_sfnames
 *(.debug_sfnames)

.debug_aranges
 *(.debug_aranges)

.debug_pubnames
 *(.debug_pubnames)

.debug_info     0x0000000000000000      0x6cc
 *(.debug_info .gnu.linkonce.wi.*)
 .debug_info    0x0000000000000000      0x6cc /usr/lib/gcc/avr/11.2.0/../../../../avr/lib/avr5/crtatmega324pa.o

.debug_abbrev   0x0000000000000000      0x66e
 *(.debug_abbrev)
 .debug_abbrev  0x0000000000000000      0x66e /usr/lib/gcc/avr/11.2.0/../../../../avr/lib/avr5/crtatmega324pa.o

.debug_line     0x0000000000000000       0x1d
 *(.debug_line .debug_line.* .debug_line_end)
 .debug_line    0x0000000000000000       0x1d /usr/lib/gcc/avr/11.2.0/../../../../avr/lib/avr5/crtatmega324pa.o

.debug_frame
 *(.debug_frame)

.debug_str      0x0000000000000000      0x255
 *(.debug_str)
 .debug_str     0x0000000000000000      0x255 /usr/lib/gcc/avr/11.2.0/../../../../avr/lib/avr5/crtatmega324pa.o

.debug_loc
 *(.debug_loc)

.debug_macinfo
 *(.debug_macinfo)

.debug_weaknames
 *(.debug_weaknames)

.debug_funcnames
 *(.debug_funcnames)

.debug_typenames
 *(.debug_typenames)

.debug_varnames
 *(.debug_varnames)

.debug_pubtypes
 *(.debug_pubtypes)

.debug_ranges
 *(.debug_ranges)

.debug_addr
 *(.debug_addr)

.debug_line_str
 *(.debug_line_str)

.debug_loclists
 *(.debug_loclists)

.debug_macro
 *(.debug_macro)

.debug_names
 *(.debug_names)

.debug_rnglists
 *(.debug_rnglists)

.debug_str_offsets
 *(.debug_str_offsets)

.debug_sup
 *(.debug_sup)
OUTPUT(exec.elf elf32-avr)
LOAD linker stubs
